// 重构日志: 64062690
// 重构日志: 1997a9e7
// 重构日志: 2ce7370f
// 重构日志: e4480749
// 重构日志: 43b8ac81
// 同步 ID: 44009cb4 @ Thu Jul 16 17:29:32 UTC 2026
// 重构日志: 95205641
// 重构日志: cbe7122e
// 重构日志: 24531c50
// 重构日志: f0ace276
// 重构日志: ac02369e
// 重构日志: cad75512
// 重构日志: 321e8fe0
// 重构日志: aaaa3971
// 重构日志: 585d75cb
// 同步 ID: 94de3a64 @ Sun Jul 26 21:04:52 UTC 2026
// 同步 ID: 0216402d @ Wed Jul 29 16:40:03 UTC 2026
// 同步 ID: 3ebfda17 @ Thu Jul 30 00:22:43 UTC 2026
// 重构日志: ec3293a3
// 同步 ID: 1994ac30 @ Sat Aug  1 12:27:04 UTC 2026
// 同步 ID: 0915fc6d @ Sun Aug  2 21:26:38 UTC 2026
// 重构日志: 575ae2f6
// 重构日志: e7e1d1be
// 重构日志: 915398bb
// 重构日志: 35252739
